Loaded CFTC Legacy Futures Only 2016
Loaded CFTC Legacy Futures Only 2017
Loaded CFTC Legacy Futures Only 2018
Loaded CFTC Legacy Futures Only 2019
Loaded CFTC Legacy Futures Only 2020
Loaded CFTC Legacy Futures Only 2021
Loaded CFTC Legacy Futures Only 2022
Loaded CFTC Legacy Futures Only 2023
Loaded CFTC Legacy Futures Only 2024
Loaded CFTC Legacy Futures Only 2025
Loaded CFTC Legacy Futures Only 2026
Loaded current CFTC Legacy Futures Only weekly top-up

=== NASDAQ-100 Consolidated - CHICAGO MERCANTILE EXCHANGE ===
Using local FRED file: /home/runner/work/cot-report/cot-report/data/NASDAQ100.csv

Latest exact legacy row:
date: 2026-09-29
CFTC source latest date: 2026-09-29
price: 30,339.33
open_interest: 283,950
Noncommercial net: 45,396 (15.99% of OI)
Commercial net: -59,568 (-20.98% of OI)
Total Reportable net: -14,172 (-4.99% of OI)
Nonreportable net: 14,173 (4.99% of OI)

Strongest absolute correlations:
        category                                                           relationship                      position_metric  pearson_r  observations      return_metric
total_reportable    weekly change in total reportable net/OI pct vs weekly price return   total_reportable_net_oi_pct_change     0.2686           560                NaN
   nonreportable       weekly change in nonreportable net/OI pct vs weekly price return      nonreportable_net_oi_pct_change    -0.2686           560                NaN
total_reportable weekly change in total reportable net contracts vs weekly price return          total_reportable_net_change     0.2397           560                NaN
   nonreportable    weekly change in nonreportable net contracts vs weekly price return             nonreportable_net_change    -0.2397           560                NaN
total_reportable   weekly change in total reportable long/OI pct vs weekly price return  total_reportable_long_oi_pct_change     0.1788           560                NaN
   nonreportable      weekly change in nonreportable long/OI pct vs weekly price return     nonreportable_long_oi_pct_change    -0.1787           560                NaN
   noncommercial                 noncommercial short/OI pct vs forward 52w price return           noncommercial_short_oi_pct    -0.1604           509 forward_return_52w
   nonreportable     weekly change in nonreportable short/OI pct vs weekly price return    nonreportable_short_oi_pct_change     0.1423           560                NaN
total_reportable  weekly change in total reportable short/OI pct vs weekly price return total_reportable_short_oi_pct_change    -0.1423           560                NaN
      commercial       weekly change in commercial net contracts vs weekly price return                commercial_net_change     0.1297           560                NaN
   noncommercial                noncommercial net contracts vs forward 52w price return                    noncommercial_net     0.1255           509 forward_return_52w
      commercial                      commercial net/OI pct vs forward 52w price return                commercial_net_oi_pct    -0.1217           509 forward_return_52w

Saved:
cot_legacy_output/nq_legacy_data_2016_2026.csv
cot_legacy_output/nq_legacy_correlations_2016_2026.csv
cot_legacy_output/nq_legacy_extremes_2016_2026.csv
cot_legacy_output/nq_legacy_net_oi_overlay_2016_2026.png
cot_legacy_output/nq_legacy_forward_corr_heatmap_2016_2026.png

=== S&P 500 Consolidated - CHICAGO MERCANTILE EXCHANGE ===
Using local FRED file: /home/runner/work/cot-report/cot-report/data/SP500.csv

Latest exact legacy row:
date: 2026-09-29
CFTC source latest date: 2026-09-29
price: 7,670.84
open_interest: 1,909,989
Noncommercial net: -144,956 (-7.59% of OI)
Commercial net: 37,312 (1.95% of OI)
Total Reportable net: -107,645 (-5.64% of OI)
Nonreportable net: 107,645 (5.64% of OI)

Strongest absolute correlations:
     category                                                       relationship                   position_metric  pearson_r  observations      return_metric
noncommercial              noncommercial long/OI pct vs forward 52w price return         noncommercial_long_oi_pct    -0.4470           487 forward_return_52w
   commercial                  commercial net/OI pct vs forward 52w price return             commercial_net_oi_pct     0.4365           487 forward_return_52w
noncommercial               noncommercial net/OI pct vs forward 52w price return          noncommercial_net_oi_pct    -0.4214           487 forward_return_52w
noncommercial   weekly change in noncommercial net/OI pct vs weekly price return   noncommercial_net_oi_pct_change    -0.3745           538                NaN
   commercial                commercial short/OI pct vs forward 52w price return           commercial_short_oi_pct    -0.3739           487 forward_return_52w
noncommercial              noncommercial long/OI pct vs forward 26w price return         noncommercial_long_oi_pct    -0.3428           513 forward_return_26w
   commercial      weekly change in commercial net/OI pct vs weekly price return      commercial_net_oi_pct_change     0.3346           538                NaN
   commercial                 commercial long/OI pct vs forward 52w price return            commercial_long_oi_pct     0.3279           487 forward_return_52w
noncommercial            noncommercial net contracts vs forward 52w price return                 noncommercial_net    -0.3257           487 forward_return_52w
   commercial               commercial net contracts vs forward 52w price return                    commercial_net     0.3097           487 forward_return_52w
noncommercial             noncommercial short/OI pct vs forward 52w price return        noncommercial_short_oi_pct     0.3091           487 forward_return_52w
noncommercial weekly change in noncommercial short/OI pct vs weekly price return noncommercial_short_oi_pct_change     0.2849           538                NaN

Saved:
cot_legacy_output/sp500_legacy_data_2016_2026.csv
cot_legacy_output/sp500_legacy_correlations_2016_2026.csv
cot_legacy_output/sp500_legacy_extremes_2016_2026.csv
cot_legacy_output/sp500_legacy_net_oi_overlay_2016_2026.png
cot_legacy_output/sp500_legacy_forward_corr_heatmap_2016_2026.png

=== VIX FUTURES - CBOE FUTURES EXCHANGE ===
Using local FRED file: /home/runner/work/cot-report/cot-report/data/VIXCLS.csv

Latest exact legacy row:
date: 2026-09-29
CFTC source latest date: 2026-09-29
price: 16.04
open_interest: 421,113
Noncommercial net: -79,610 (-18.90% of OI)
Commercial net: 77,929 (18.51% of OI)
Total Reportable net: -1,681 (-0.40% of OI)
Nonreportable net: 1,681 (0.40% of OI)

Strongest absolute correlations:
     category                                            relationship            position_metric  pearson_r  observations      return_metric
noncommercial noncommercial net contracts vs forward 52w price return          noncommercial_net    -0.4508           509 forward_return_52w
   commercial    commercial net contracts vs forward 52w price return             commercial_net     0.4431           509 forward_return_52w
   commercial    commercial net contracts vs forward 26w price return             commercial_net     0.4076           535 forward_return_26w
noncommercial noncommercial net contracts vs forward 26w price return          noncommercial_net    -0.4051           535 forward_return_26w
   commercial     commercial short/OI pct vs forward 52w price return    commercial_short_oi_pct    -0.3973           509 forward_return_52w
   commercial    commercial net contracts vs forward 13w price return             commercial_net     0.3837           548 forward_return_13w
noncommercial noncommercial net contracts vs forward 13w price return          noncommercial_net    -0.3802           548 forward_return_13w
noncommercial  noncommercial short/OI pct vs forward 52w price return noncommercial_short_oi_pct     0.3753           509 forward_return_52w
noncommercial    noncommercial net/OI pct vs forward 52w price return   noncommercial_net_oi_pct    -0.3307           509 forward_return_52w
   commercial       commercial net/OI pct vs forward 52w price return      commercial_net_oi_pct     0.3132           509 forward_return_52w
   commercial     commercial short/OI pct vs forward 13w price return    commercial_short_oi_pct    -0.3076           548 forward_return_13w
noncommercial    noncommercial net/OI pct vs forward 13w price return   noncommercial_net_oi_pct    -0.3055           548 forward_return_13w

Saved:
cot_legacy_output/vix_legacy_data_2016_2026.csv
cot_legacy_output/vix_legacy_correlations_2016_2026.csv
cot_legacy_output/vix_legacy_extremes_2016_2026.csv
cot_legacy_output/vix_legacy_net_oi_overlay_2016_2026.png
cot_legacy_output/vix_legacy_forward_corr_heatmap_2016_2026.png

=== RUSSELL E-MINI - CHICAGO MERCANTILE EXCHANGE ===
Refreshing Yahoo price cache: /home/runner/work/cot-report/cot-report/data/RUT.csv

Latest exact legacy row:
date: 2026-09-29
CFTC source latest date: 2026-09-29
price: 2,807.92
open_interest: 428,048
Noncommercial net: -77,440 (-18.09% of OI)
Commercial net: 70,212 (16.40% of OI)
Total Reportable net: -7,228 (-1.69% of OI)
Nonreportable net: 7,228 (1.69% of OI)

Strongest absolute correlations:
        category                                              relationship               position_metric  pearson_r  observations      return_metric
      commercial       commercial short/OI pct vs forward 26w price return       commercial_short_oi_pct    -0.4200           217 forward_return_26w
total_reportable total reportable short/OI pct vs forward 52w price return total_reportable_short_oi_pct    -0.4093           191 forward_return_52w
   nonreportable    nonreportable short/OI pct vs forward 52w price return    nonreportable_short_oi_pct     0.4093           191 forward_return_52w
total_reportable total reportable short/OI pct vs forward 26w price return total_reportable_short_oi_pct    -0.3678           217 forward_return_26w
   nonreportable    nonreportable short/OI pct vs forward 26w price return    nonreportable_short_oi_pct     0.3678           217 forward_return_26w
total_reportable total reportable short/OI pct vs forward 13w price return total_reportable_short_oi_pct    -0.3580           230 forward_return_13w
   nonreportable    nonreportable short/OI pct vs forward 13w price return    nonreportable_short_oi_pct     0.3580           230 forward_return_13w
      commercial        commercial long/OI pct vs forward 52w price return        commercial_long_oi_pct    -0.3405           191 forward_return_52w
      commercial       commercial short/OI pct vs forward 13w price return       commercial_short_oi_pct    -0.2996           230 forward_return_13w
      commercial        commercial long/OI pct vs forward 26w price return        commercial_long_oi_pct    -0.2874           217 forward_return_26w
   noncommercial     noncommercial long/OI pct vs forward 52w price return     noncommercial_long_oi_pct     0.2861           191 forward_return_52w
   noncommercial    noncommercial short/OI pct vs forward 26w price return    noncommercial_short_oi_pct     0.2834           217 forward_return_26w

Saved:
cot_legacy_output/rty_legacy_data_2016_2026.csv
cot_legacy_output/rty_legacy_correlations_2016_2026.csv
cot_legacy_output/rty_legacy_extremes_2016_2026.csv
cot_legacy_output/rty_legacy_net_oi_overlay_2016_2026.png
cot_legacy_output/rty_legacy_forward_corr_heatmap_2016_2026.png

=== DJIA Consolidated - CHICAGO BOARD OF TRADE ===
Refreshing Yahoo price cache: /home/runner/work/cot-report/cot-report/data/DJIA.csv

Latest exact legacy row:
date: 2026-09-29
CFTC source latest date: 2026-09-29
price: 51,349.92
open_interest: 90,051
Noncommercial net: 10,026 (11.13% of OI)
Commercial net: -16,080 (-17.86% of OI)
Total Reportable net: -6,055 (-6.72% of OI)
Nonreportable net: 6,055 (6.72% of OI)

Strongest absolute correlations:
        category                                                        relationship                    position_metric  pearson_r  observations      return_metric
   nonreportable                nonreportable net/OI pct vs forward 52w price return           nonreportable_net_oi_pct    -0.3576           509 forward_return_52w
total_reportable             total reportable net/OI pct vs forward 52w price return        total_reportable_net_oi_pct     0.3575           509 forward_return_52w
   nonreportable             nonreportable net contracts vs forward 52w price return                  nonreportable_net    -0.3572           509 forward_return_52w
total_reportable          total reportable net contracts vs forward 52w price return               total_reportable_net     0.3572           509 forward_return_52w
   nonreportable               nonreportable long/OI pct vs forward 52w price return          nonreportable_long_oi_pct    -0.2853           509 forward_return_52w
total_reportable            total reportable long/OI pct vs forward 52w price return       total_reportable_long_oi_pct     0.2853           509 forward_return_52w
   noncommercial weekly change in noncommercial net contracts vs weekly price return           noncommercial_net_change     0.2459           560                NaN
total_reportable           total reportable short/OI pct vs forward 52w price return      total_reportable_short_oi_pct    -0.2291           509 forward_return_52w
   nonreportable              nonreportable short/OI pct vs forward 52w price return         nonreportable_short_oi_pct     0.2291           509 forward_return_52w
   nonreportable    weekly change in nonreportable net/OI pct vs weekly price return    nonreportable_net_oi_pct_change    -0.2259           560                NaN
total_reportable weekly change in total reportable net/OI pct vs weekly price return total_reportable_net_oi_pct_change     0.2259           560                NaN
   noncommercial    weekly change in noncommercial net/OI pct vs weekly price return    noncommercial_net_oi_pct_change     0.2104           560                NaN

Saved:
cot_legacy_output/dow_legacy_data_2016_2026.csv
cot_legacy_output/dow_legacy_correlations_2016_2026.csv
cot_legacy_output/dow_legacy_extremes_2016_2026.csv
cot_legacy_output/dow_legacy_net_oi_overlay_2016_2026.png
cot_legacy_output/dow_legacy_forward_corr_heatmap_2016_2026.png

=== GOLD - COMMODITY EXCHANGE INC. ===
Refreshing Yahoo price cache: /home/runner/work/cot-report/cot-report/data/GOLD.csv

Latest exact legacy row:
date: 2026-09-29
CFTC source latest date: 2026-09-29
price: 4,179.70
open_interest: 406,456
Noncommercial net: 218,632 (53.79% of OI)
Commercial net: -250,967 (-61.75% of OI)
Total Reportable net: -32,335 (-7.96% of OI)
Nonreportable net: 32,335 (7.96% of OI)

Strongest absolute correlations:
        category                                                        relationship                   position_metric  pearson_r  observations      return_metric
      commercial    weekly change in commercial net contracts vs weekly price return             commercial_net_change    -0.5537           560                NaN
   noncommercial weekly change in noncommercial net contracts vs weekly price return          noncommercial_net_change     0.5460           560                NaN
   noncommercial    weekly change in noncommercial net/OI pct vs weekly price return   noncommercial_net_oi_pct_change     0.4212           560                NaN
      commercial       weekly change in commercial net/OI pct vs weekly price return      commercial_net_oi_pct_change    -0.4106           560                NaN
      commercial      weekly change in commercial long/OI pct vs weekly price return     commercial_long_oi_pct_change    -0.3685           560                NaN
   noncommercial  weekly change in noncommercial short/OI pct vs weekly price return noncommercial_short_oi_pct_change    -0.3329           560                NaN
   noncommercial   weekly change in noncommercial long/OI pct vs weekly price return  noncommercial_long_oi_pct_change     0.3257           560                NaN
      commercial     weekly change in commercial short/OI pct vs weekly price return    commercial_short_oi_pct_change     0.2894           560                NaN
   nonreportable              nonreportable short/OI pct vs forward 26w price return        nonreportable_short_oi_pct     0.2265           535 forward_return_26w
total_reportable           total reportable short/OI pct vs forward 26w price return     total_reportable_short_oi_pct    -0.2265           535 forward_return_26w
      commercial                  commercial long/OI pct vs forward 52w price return            commercial_long_oi_pct    -0.2151           509 forward_return_52w
   nonreportable              nonreportable short/OI pct vs forward 13w price return        nonreportable_short_oi_pct     0.1885           548 forward_return_13w

Saved:
cot_legacy_output/gold_legacy_data_2016_2026.csv
cot_legacy_output/gold_legacy_correlations_2016_2026.csv
cot_legacy_output/gold_legacy_extremes_2016_2026.csv
cot_legacy_output/gold_legacy_net_oi_overlay_2016_2026.png
cot_legacy_output/gold_legacy_forward_corr_heatmap_2016_2026.png

Saved summary: cot_legacy_output/cot_legacy_summary_2016_2026.csv
